// Jest Snapshot v1, https://goo.gl/fbAQLP

exports[`<Button> should render correctly 1`] = `
<div>
  <div
    data-testid="button-wrapper"
  >
    <a
      href="/"
    >
      back
    </a>
  </div>
</div>
`;
